
============================================================
  ALAN v4 ù Complete Test Suite
  ECONX GROUP (PTY) LTD
============================================================

[TEST 1] Architecture & Device Detection
  [OK] Device auto-detection
[ALAN] Built 'small' model: 99,528,559 parameters on cpu
  [OK] Model build (small)
  [OK] Forward pass (text only)
  [OK] Forward pass (text + image)
  [OK] Module weights present
  [OK] Parameter count reasonable

[TEST 2] Attention-to-Context (Topic Tracking)
  [OK] Topic extraction
  [OK] Topic shift detection
  [OK] Recency decay (old topics fade)
  [OK] Explicit reference detection
  [OK] Attention bias generation
  [OK] Context reset

[TEST 3] Guardrails & Awareness Layer
  [OK] Guardrails file loaded
  [OK] System context defined
  [OK] Awareness prompt generation
  [OK] Safety check: good response passes
  [OK] Safety check: filler opener caught
  [OK] Safety check: robotic refusal caught
  [OK] Safety check: guardrails reference caught

[TEST 4] Training Data Quality
  [X] Training data directory exists
      Details: Not found: data\generated

[TEST 5] Text Generation
  [X] Generation produces new tokens
      Details: [enforce fail at alloc_cpu.cpp:121] data. DefaultCPUAllocator: not enough memory: you tried to allocate 4229988 bytes.
  [X] Temperature variation works
      Details: [enforce fail at alloc_cpu.cpp:121] data. DefaultCPUAllocator: not enough memory: you tried to allocate 2014280 bytes.

[TEST 6] Image Understanding
  [X] Vision encoder produces tokens
      Details: [enforce fail at alloc_cpu.cpp:121] data. DefaultCPUAllocator: not enough memory: you tried to allocate 602112 bytes.
  [X] Text+image forward pass
      Details: [enforce fail at alloc_cpu.cpp:121] data. DefaultCPUAllocator: not enough memory: you tried to allocate 602112 bytes.

[TEST 7] Full Pipeline Integration
  [X] Full pipeline integration
      Details: [enforce fail at alloc_cpu.cpp:121] data. DefaultCPUAllocator: not enough memory: you tried to allocate 1048576 bytes.

[TEST 8] Cognitive Modules (Creativity, Curiosity, Feedback)
  [X] CreativityEngine forward
      Details: [enforce fail at alloc_cpu.cpp:121] data. DefaultCPUAllocator: not enough memory: you tried to allocate 1048576 bytes.
  [X] CuriosityModule forward
      Details: [enforce fail at alloc_cpu.cpp:121] data. DefaultCPUAllocator: not enough memory: you tried to allocate 524288 bytes.
  [X] FeedbackIntegration forward
      Details: [enforce fail at alloc_cpu.cpp:121] data. DefaultCPUAllocator: not enough memory: you tried to allocate 1048576 bytes.

[TEST 9] Memory System (Pattern Store, Knowledge Graph, Consolidation)
  [X] PatternStore store/stats
      Details: [enforce fail at alloc_cpu.cpp:121] data. DefaultCPUAllocator: not enough memory: you tried to allocate 1048576 bytes.
  [X] KnowledgeGraph add/connect
      Details: [enforce fail at alloc_cpu.cpp:121] data. DefaultCPUAllocator: not enough memory: you tried to allocate 2097152 bytes.
  [X] MemoryConsolidator consolidate
      Details: [enforce fail at alloc_cpu.cpp:121] data. DefaultCPUAllocator: not enough memory: you tried to allocate 524288 bytes.

[TEST 10] Output System (Temperature, Controller, Hooks)
